// Jest Snapshot v1, https://goo.gl/fbAQLP

exports[`<Hello/> snapshop get snapshop 1`] = `
<div>
  Hello world
</div>
`;
